// Jest Snapshot v1, https://goo.gl/fbAQLP

exports[`<CartIcon /> renders correctly CartIcon 1`] = `ShallowWrapper {}`;
