// Jest Snapshot v1, https://goo.gl/fbAQLP

exports[`<CartItem /> renders correctly CartItem 1`] = `ShallowWrapper {}`;
