// Jest Snapshot v1, https://goo.gl/fbAQLP

exports[`<DeleteButton /> renders correctly DeleteButton 1`] = `ShallowWrapper {}`;
