// Jest Snapshot v1, https://goo.gl/fbAQLP

exports[`<Icon /> renders correctly Icon 1`] = `ShallowWrapper {}`;
