// Jest Snapshot v1, https://goo.gl/fbAQLP

exports[`<Item /> renders correctly Item 1`] = `ShallowWrapper {}`;
