// Jest Snapshot v1, https://goo.gl/fbAQLP

exports[`<LogoIcon /> renders correctly LogoIcon 1`] = `ShallowWrapper {}`;
