// Jest Snapshot v1, https://goo.gl/fbAQLP

exports[`<App /> renders correctly App 1`] = `ShallowWrapper {}`;
