// Jest Snapshot v1, https://goo.gl/fbAQLP

exports[`<CartScreen /> renders correctly CartScreen 1`] = `ShallowWrapper {}`;
