// Jest Snapshot v1, https://goo.gl/fbAQLP

exports[`<HomeScreen /> renders correctly HomeScreen 1`] = `ShallowWrapper {}`;
